../Core/Src/main.c:87:13:motor_forward	8	static
../Core/Src/main.c:98:13:PWM_SetDuty_TIM3_CH1	24	static
../Core/Src/main.c:115:6:HAL_GPIO_EXTI_Callback	16	static
../Core/Src/main.c:125:5:main	104	static,ignoring_inline_asm
../Core/Src/main.c:245:6:SystemClock_Config	80	static
../Core/Src/main.c:282:13:MX_ADC_Init	24	static
../Core/Src/main.c:321:13:MX_I2C1_Init	8	static
../Core/Src/main.c:343:13:MX_TIM3_Init	48	static
../Core/Src/main.c:395:13:MX_TIM5_Init	32	static
../Core/Src/main.c:430:13:MX_USART2_UART_Init	8	static
../Core/Src/main.c:451:13:MX_GPIO_Init	48	static
../Core/Src/main.c:497:6:Error_Handler	4	static,ignoring_inline_asm
